// Jest Snapshot v1, https://goo.gl/fbAQLP

exports[`matchCoinCapId initializes the cache 1`] = `
Array [
  Object {
    "id": "ethereum",
    "name": "Ethereum",
    "symbol": "ETH",
  },
]
`;
